Microchip MPLAB XC8 Compiler V2.00 ()

Linker command line:

-W-3 --edf=C:\Program Files (x86)\Microchip\xc8\v2.00\pic\dat\en_msgs.txt \
  -cs -h+dist/default/production\insoladora-master.production.sym \
  --cmf=dist/default/production\insoladora-master.production.cmf -z \
  -Q18F4550 -oC:\Users\Kiosk\AppData\Local\Temp\s4ek.2 \
  --defsym=__MPLAB_BUILD=1 \
  -Mdist/default/production/insoladora-master.production.map -E1 -ver=XC8 \
  -ASTACK=060h-07ffh -pstack=STACK \
  -ACODE=02000h-02005h,02008h-02015h,02018h-07FFFh \
  -ACONST=02000h-02005h,02008h-02015h,02018h-07FFFh \
  -ASMALLCONST=02000h-02005h,02008h-02015h,02018h-020FFh,02100h-021FFhx95 \
  -AMEDIUMCONST=02000h-02005h,02008h-02015h,02018h-07FFFh -ACOMRAM=01h-05Fh \
  -AABS1=00h-07FFh -ABIGRAM=01h-07FFh -ARAM=060h-0FFh,0100h-01FFhx7 \
  -ABANK0=060h-0FFh -ABANK1=0100h-01FFh -ABANK2=0200h-02FFh \
  -ABANK3=0300h-03FFh -ABANK4=0400h-04FFh -ABANK5=0500h-05FFh \
  -ABANK6=0600h-06FFh -ABANK7=0700h-07FFh -ASFR=0F60h-0FFFh \
  -preset_vec=02000h,intcode=02008h,intcodelo,powerup,init -pramtop=0800h \
  -psmallconst=SMALLCONST -pmediumconst=MEDIUMCONST -pconst=CONST \
  -AFARRAM=00h-00h -ACONFIG=0300000h-030000Dh -pconfig=CONFIG \
  -AIDLOC=0200000h-0200007h -pidloc=IDLOC -AEEDATA=0F00000h-0F000FFh \
  -peeprom_data=EEDATA \
  -prdata=COMRAM,nvrram=COMRAM,nvbit=COMRAM,rbss=COMRAM,rbit=COMRAM \
  -pfarbss=FARRAM,fardata=FARRAM,nvFARRAM=FARRAM \
  -pintsave_regs=BIGRAM,bigbss=BIGRAM,bigdata=BIGRAM -pbss=RAM \
  -pidata=CODE,irdata=CODE,ibigdata=CODE,ifardata=CODE -prparam=COMRAM \
  C:\Users\Kiosk\AppData\Local\Temp\s4ek.o \
  dist/default/production\insoladora-master.production.o 

Object code version is 3.11

Machine type is 18F4550

Call graph: (short form)




                Name                               Link     Load   Length Selector   Space Scale
C:\Users\Kiosk\AppData\Local\Temp\s4ek.o
                init                               200E     200E        4     1004       0
                reset_vec                          2000     2000        4     1000       0
                idloc                            200000   200000        8   200000       0
                config                           300000   300000        E   300000       0
dist/default/production\insoladora-master.production.o
                intcode                            2008     2008        6     1004       0
                temp                                 48       48        1        1       1
                smallconst                         2018     2018       38     100C       0
                text31                             7846     7846       3C     3C23       0
                text30                             7682     7682       10     3B41       0
                text29                             78FC     78FC       44     3C7E       0
                text28                             78BE     78BE       3E     3C5F       0
                intcode_body                       7706     7706       20     3B83       0
                text26                             778E     778E       28     3BC7       0
                text25                             7726     7726       20     3B93       0
                text24                             7658     7658        E     3B2C       0
                text23                             7666     7666        E     3B33       0
                text22                             7674     7674        E     3B3A       0
                text21                             7882     7882       3C     3C41       0
                text20                             7640     7640        C     3B20       0
                text19                             7B3A     7B3A       B4     3D9D       0
                text18                             77E0     77E0       2C     3BF0       0
                text17                             76EC     76EC       1A     3B76       0
                text16                             76D8     76D8       14     3B6C       0
                text15                             79E8     79E8       5E     3CF4       0
                text14                             7CBE     7CBE       E4     3E5F       0
                text13                             7940     7940       52     3CA0       0
                text12                             7768     7768       26     3BB4       0
                text11                             77B6     77B6       2A     3BDB       0
                text10                             76B4     76B4       12     3B5A       0
                text9                              764C     764C        C     3B26       0
                text8                              7AB6     7AB6       84     3D5B       0
                text7                              7A46     7A46       70     3D23       0
                text6                              7992     7992       56     3CC9       0
                text5                              7692     7692       10     3B49       0
                text4                              7BEE     7BEE       D0     3DF7       0
                text3                              76C6     76C6       12     3B63       0
                text2                              7EB4     7EB4      14C     3F5A       0
                text1                              7DA2     7DA2      112     3ED1       0
                text0                              7746     7746       22     3BA3       0
                cstackCOMRAM                         1B       1B       1A        1       1
                dataCOMRAM                           35       35       11        1       1
                bssCOMRAM                             1        1       1A        1       1
                cinit                              780C     780C       3A     3C06       0
                nvCOMRAM                             46       46        2        1       1
                idataCOMRAM                        76A3     76A3       11     76A3       0

TOTAL           Name                               Link     Load   Length     Space
        CLASS   STACK          

        CLASS   CODE           
                intcode                            2008     2008        6         0
                init                               200E     200E        4         0
                reset_vec                          2000     2000        4         0
                text31                             7846     7846       3C         0
                text30                             7682     7682       10         0
                text29                             78FC     78FC       44         0
                text28                             78BE     78BE       3E         0
                intcode_body                       7706     7706       20         0
                text26                             778E     778E       28         0
                text25                             7726     7726       20         0
                text24                             7658     7658        E         0
                text23                             7666     7666        E         0
                text22                             7674     7674        E         0
                text21                             7882     7882       3C         0
                text20                             7640     7640        C         0
                text19                             7B3A     7B3A       B4         0
                text18                             77E0     77E0       2C         0
                text17                             76EC     76EC       1A         0
                text16                             76D8     76D8       14         0
                text15                             79E8     79E8       5E         0
                text14                             7CBE     7CBE       E4         0
                text13                             7940     7940       52         0
                text12                             7768     7768       26         0
                text11                             77B6     77B6       2A         0
                text10                             76B4     76B4       12         0
                text9                              764C     764C        C         0
                text8                              7AB6     7AB6       84         0
                text7                              7A46     7A46       70         0
                text6                              7992     7992       56         0
                text5                              7692     7692       10         0
                text4                              7BEE     7BEE       D0         0
                text3                              76C6     76C6       12         0
                text2                              7EB4     7EB4      14C         0
                text1                              7DA2     7DA2      112         0
                text0                              7746     7746       22         0
                cinit                              780C     780C       3A         0
                idataCOMRAM                        76A3     76A3       11         0

        CLASS   CONST          

        CLASS   SMALLCONST     
                smallconst                         2018     2018       38         0

        CLASS   MEDIUMCONST    

        CLASS   COMRAM         
                temp                                 48       48        1         1
                cstackCOMRAM                         1B       1B       1A         1
                dataCOMRAM                           35       35       11         1
                bssCOMRAM                             1        1       1A         1
                nvCOMRAM                             46       46        2         1

        CLASS   ABS1           

        CLASS   BIGRAM         

        CLASS   RAM            

        CLASS   BANK0          

        CLASS   BANK1          

        CLASS   BANK2          

        CLASS   BANK3          

        CLASS   BANK4          

        CLASS   BANK5          

        CLASS   BANK6          

        CLASS   BANK7          

        CLASS   SFR            

        CLASS   FARRAM         

        CLASS   CONFIG         
                config                           300000   300000        E         0

        CLASS   IDLOC          
                idloc                            200000   200000        8         0

        CLASS   EEDATA         



SEGMENTS        Name                           Load    Length   Top    Selector   Space  Class

                bssCOMRAM                      000001  000048  000049         1       1  COMRAM  
                reset_vec                      002000  000004  002004      1000       0  CODE    
                intcode                        002008  00000A  002012      1004       0  CODE    
                smallconst                     002018  000038  002050      100C       0  SMALLCON
                text20                         007640  00000C  00764C      3B20       0  CODE    
                text9                          00764C  00000C  007658      3B26       0  CODE    
                text24                         007658  00000E  007666      3B2C       0  CODE    
                text23                         007666  00000E  007674      3B33       0  CODE    
                text22                         007674  00000E  007682      3B3A       0  CODE    
                text30                         007682  000010  007692      3B41       0  CODE    
                text5                          007692  000010  0076A2      3B49       0  CODE    
                idataCOMRAM                    0076A3  000011  0076B4      76A3       0  CODE    
                text10                         0076B4  000012  0076C6      3B5A       0  CODE    
                text3                          0076C6  000012  0076D8      3B63       0  CODE    
                text16                         0076D8  000014  0076EC      3B6C       0  CODE    
                text17                         0076EC  00001A  007706      3B76       0  CODE    
                intcode_body                   007706  000020  007726      3B83       0  CODE    
                text25                         007726  000020  007746      3B93       0  CODE    
                text0                          007746  000022  007768      3BA3       0  CODE    
                text12                         007768  000026  00778E      3BB4       0  CODE    
                text26                         00778E  000028  0077B6      3BC7       0  CODE    
                text11                         0077B6  00002A  0077E0      3BDB       0  CODE    
                text18                         0077E0  00002C  00780C      3BF0       0  CODE    
                cinit                          00780C  00003A  007846      3C06       0  CODE    
                text31                         007846  00003C  007882      3C23       0  CODE    
                text21                         007882  00003C  0078BE      3C41       0  CODE    
                text28                         0078BE  00003E  0078FC      3C5F       0  CODE    
                text29                         0078FC  000044  007940      3C7E       0  CODE    
                text13                         007940  000052  007992      3CA0       0  CODE    
                text6                          007992  000056  0079E8      3CC9       0  CODE    
                text15                         0079E8  00005E  007A46      3CF4       0  CODE    
                text7                          007A46  000070  007AB6      3D23       0  CODE    
                text8                          007AB6  000084  007B3A      3D5B       0  CODE    
                text19                         007B3A  0000B4  007BEE      3D9D       0  CODE    
                text4                          007BEE  0000D0  007CBE      3DF7       0  CODE    
                text14                         007CBE  0000E4  007DA2      3E5F       0  CODE    
                text1                          007DA2  000112  007EB4      3ED1       0  CODE    
                text2                          007EB4  00014C  008000      3F5A       0  CODE    
                idloc                          200000  000008  200008    200000       0  IDLOC   
                config                         300000  00000E  30000E    300000       0  CONFIG  


UNUSED ADDRESS RANGES

        Name                Unused          Largest block    Delta
        BANK0            000060-0000FF               A0
        BANK1            000100-0001FF              100
        BANK2            000200-0002FF              100
        BANK3            000300-0003FF              100
        BANK4            000400-0004FF              100
        BANK5            000500-0005FF              100
        BANK6            000600-0006FF              100
        BANK7            000700-0007FF              100
        BIGRAM           000049-0007FF              7B7
        CODE             002004-002005                2
                         002012-002015                4
                         002050-00763F             55F0
                         0076A2-0076A2                1
        COMRAM           000049-00005F               17
        CONST            002004-002005                2
                         002012-002015                4
                         002050-00763F             55F0
                         0076A2-0076A2                1
        EEDATA           F00000-F000FF              100
        FARRAM           000000-000000                1
        MEDIUMCONST      002004-002005                2
                         002012-002015                4
                         002050-00763F             55F0
                         0076A2-0076A2                1
        RAM              000060-0007FF              100
        SFR              000F60-000FFF               A0
        SMALLCONST       002004-002005                2
                         002012-002015                4
                         002050-00763F              100
                         0076A2-0076A2                1
        STACK            000060-0007FF              7A0

                                  Symbol Table

?___awdiv                   cstackCOMRAM 000021
?___awmod                   cstackCOMRAM 00001B
?___lwdiv                   cstackCOMRAM 00001B
Crear_Caracter@direccion    cstackCOMRAM 000020
Crear_Caracter@i            cstackCOMRAM 000021
Crear_Caracter@linea        cstackCOMRAM 00001E
LCD_init@F3134              dataCOMRAM   000035
LCD_init@varFlecha          cstackCOMRAM 000023
PWM_porcent@data            cstackCOMRAM 000023
PWM_porcent@porcentaje      cstackCOMRAM 000022
_ADCON0                     (abs)        000FC2
_ADCON0bits                 (abs)        000FC2
_ADCON1                     (abs)        000FC1
_ADCON2                     (abs)        000FC0
_ADRESH                     (abs)        000FC4
_ADRESL                     (abs)        000FC3
_BAUDCONbits                (abs)        000FB8
_CCP1CONbits                (abs)        000FBD
_CCPR1L                     (abs)        000FBE
_CMCON                      (abs)        000FB4
_Crear_Caracter             text21       007882
_EEADR                      (abs)        000FA9
_EECON1bits                 (abs)        000FA6
_EECON2                     (abs)        000FA7
_EEDATA                     (abs)        000FA8
_ENCODER                    dataCOMRAM   000042
_EncoderSW                  dataCOMRAM   00003E
_EstadoDeLosBotones         bssCOMRAM    000016
_Flag_RB0                   bssCOMRAM    00000E
_Flag_RB1                   bssCOMRAM    00000D
_INT0IE                     (abs)        007F94
_INT0IF                     (abs)        007F91
_INT1IE                     (abs)        007F83
_INT1IF                     (abs)        007F80
_INTCON2bits                (abs)        000FF1
_INTCON3bits                (abs)        000FF0
_INTCONbits                 (abs)        000FF2
_LATA                       (abs)        000F89
_LATB                       (abs)        000F8A
_LATBbits                   (abs)        000F8A
_LATC                       (abs)        000F8B
_LATD                       (abs)        000F8C
_LATE                       (abs)        000F8D
_LCD                        dataCOMRAM   000043
_LCD_init                   text19       007B3A
_LCD_tout                   nvCOMRAM     000046
_LowerByte                  bssCOMRAM    000014
_MENU                       bssCOMRAM    00001A
_MedioPeriodoSet            bssCOMRAM    000005
_Multiplicador              bssCOMRAM    000013
_MultiplicadorSet           bssCOMRAM    000012
_OffsetPeriodo              dataCOMRAM   000040
_PIE1bits                   (abs)        000F9D
_PIR1bits                   (abs)        000F9E
_PORTA                      (abs)        000F80
_PORTAbits                  (abs)        000F80
_PORTB                      (abs)        000F81
_PORTBbits                  (abs)        000F81
_PORTDbits                  (abs)        000F83
_PORTEbits                  (abs)        000F84
_PR2                        (abs)        000FCB
_PWM_porcent                text11       0077B6
_PicIni21                   text18       0077E0
_RBIE                       (abs)        007F93
_RBIF                       (abs)        007F90
_RBIP                       (abs)        007F88
_RBPU                       (abs)        007F8F
_RCREG                      (abs)        000FAE
_RCSTAbits                  (abs)        000FAB
_SPBRG                      (abs)        000FAF
_SPBRGH                     (abs)        000FB0
_T0CONbits                  (abs)        000FD5
_T1CONbits                  (abs)        000FCD
_T2CONbits                  (abs)        000FCA
_TIMER0_INI                 text17       0076EC
_TMR0H                      (abs)        000FD7
_TMR0IF                     (abs)        007F92
_TMR0L                      (abs)        000FD6
_TMR1H                      (abs)        000FCF
_TMR1L                      (abs)        000FCE
_TRISA                      (abs)        000F92
_TRISAbits                  (abs)        000F92
_TRISB                      (abs)        000F93
_TRISBbits                  (abs)        000F93
_TRISC                      (abs)        000F94
_TRISCbits                  (abs)        000F94
_TRISD                      (abs)        000F95
_TRISE                      (abs)        000F96
_TRISEbits                  (abs)        000F96
_TXREG                      (abs)        000FAD
_TXSTAbits                  (abs)        000FAC
_UpperByte                  dataCOMRAM   000041
__CFG_BOR$ON                (abs)        000000
__CFG_BORV$3                (abs)        000000
__CFG_CP0$OFF               (abs)        000000
__CFG_CP1$OFF               (abs)        000000
__CFG_CPB$OFF               (abs)        000000
__CFG_CPUDIV$OSC1_PLL2      (abs)        000000
__CFG_EBTR0$OFF             (abs)        000000
__CFG_EBTR1$OFF             (abs)        000000
__CFG_EBTRB$OFF             (abs)        000000
__CFG_FCMEN$OFF             (abs)        000000
__CFG_FOSC$HSPLL_HS         (abs)        000000
__CFG_IESO$OFF              (abs)        000000
__CFG_LPT1OSC$OFF           (abs)        000000
__CFG_LVP$OFF               (abs)        000000
__CFG_MCLRE$ON              (abs)        000000
__CFG_PBADEN$OFF            (abs)        000000
__CFG_PLLDIV$5              (abs)        000000
__CFG_PWRT$OFF              (abs)        000000
__CFG_STVREN$ON             (abs)        000000
__CFG_USBDIV$2              (abs)        000000
__CFG_VREGEN$ON             (abs)        000000
__CFG_WDT$OFF               (abs)        000000
__CFG_WDTPS$32768           (abs)        000000
__CFG_WRT0$OFF              (abs)        000000
__CFG_WRT1$OFF              (abs)        000000
__CFG_WRTB$OFF              (abs)        000000
__CFG_WRTC$OFF              (abs)        000000
__CFG_XINST$OFF             (abs)        000000
__HRAM                      (abs)        000000
__Habs1                     abs1         000000
__Hbank0                    bank0        000000
__Hbank1                    bank1        000000
__Hbank2                    bank2        000000
__Hbank3                    bank3        000000
__Hbank4                    bank4        000000
__Hbank5                    bank5        000000
__Hbank6                    bank6        000000
__Hbank7                    bank7        000000
__Hbigbss                   bigbss       000000
__Hbigdata                  bigdata      000000
__Hbigram                   bigram       000000
__Hbss                      bss          000000
__HbssCOMRAM                bssCOMRAM    000000
__Hcinit                    cinit        000000
__Hclrtext                  clrtext      000000
__Hcomram                   comram       000000
__Hconfig                   config       30000E
__Hconst                    const        000000
__HcstackCOMRAM             cstackCOMRAM 000000
__Hdata                     data         000000
__HdataCOMRAM               dataCOMRAM   000000
__Heeprom_data              eeprom_data  000000
__Hfarbss                   farbss       000000
__Hfardata                  fardata      000000
__Hibigdata                 ibigdata     000000
__Hidata                    idata        000000
__HidataCOMRAM              idataCOMRAM  000000
__Hidloc                    idloc        200008
__Hifardata                 ifardata     000000
__Hinit                     init         002012
__Hintcode                  intcode      00200E
__Hintcode_body             intcode_body 000000
__Hintcodelo                intcodelo    00200E
__Hintentry                 intentry     000000
__Hintret                   intret       000000
__Hintsave_regs             intsave_regs 000000
__Hirdata                   irdata       000000
__Hmediumconst              mediumconst  000000
__HnvCOMRAM                 nvCOMRAM     000000
__HnvFARRAM                 nvFARRAM     000000
__Hnvbit                    nvbit        000000
__Hnvrram                   nvrram       000000
__Hparam                    rparam       000000
__Hpowerup                  powerup      00200E
__Hram                      ram          000000
__Hramtop                   ramtop       000800
__Hrbit                     rbit         000000
__Hrbss                     rbss         000000
__Hrdata                    rdata        000000
__Hreset_vec                reset_vec    002004
__Hrparam                   rparam       000000
__Hsfr                      sfr          000000
__Hsmallconst               smallconst   002050
__Hspace_0                  (abs)        30000E
__Hspace_1                  (abs)        000049
__Hspace_2                  (abs)        000000
__Hstack                    stack        000000
__Hstruct                   struct       000000
__Htemp                     temp         000049
__Htext                     text         000000
__Htext0                    text0        000000
__Htext1                    text1        000000
__Htext10                   text10       000000
__Htext11                   text11       000000
__Htext12                   text12       000000
__Htext13                   text13       000000
__Htext14                   text14       000000
__Htext15                   text15       000000
__Htext16                   text16       000000
__Htext17                   text17       000000
__Htext18                   text18       000000
__Htext19                   text19       000000
__Htext2                    text2        000000
__Htext20                   text20       000000
__Htext21                   text21       000000
__Htext22                   text22       000000
__Htext23                   text23       000000
__Htext24                   text24       000000
__Htext25                   text25       000000
__Htext26                   text26       000000
__Htext28                   text28       000000
__Htext29                   text29       000000
__Htext3                    text3        000000
__Htext30                   text30       000000
__Htext31                   text31       000000
__Htext4                    text4        000000
__Htext5                    text5        000000
__Htext6                    text6        000000
__Htext7                    text7        000000
__Htext8                    text8        000000
__Htext9                    text9        000000
__LRAM                      (abs)        000001
__Labs1                     abs1         000000
__Lbank0                    bank0        000000
__Lbank1                    bank1        000000
__Lbank2                    bank2        000000
__Lbank3                    bank3        000000
__Lbank4                    bank4        000000
__Lbank5                    bank5        000000
__Lbank6                    bank6        000000
__Lbank7                    bank7        000000
__Lbigbss                   bigbss       000000
__Lbigdata                  bigdata      000000
__Lbigram                   bigram       000000
__Lbss                      bss          000000
__LbssCOMRAM                bssCOMRAM    000000
__Lcinit                    cinit        000000
__Lclrtext                  clrtext      000000
__Lcomram                   comram       000000
__Lconfig                   config       300000
__Lconst                    const        000000
__LcstackCOMRAM             cstackCOMRAM 000000
__Ldata                     data         000000
__LdataCOMRAM               dataCOMRAM   000000
__Leeprom_data              eeprom_data  000000
__Lfarbss                   farbss       000000
__Lfardata                  fardata      000000
__Libigdata                 ibigdata     000000
__Lidata                    idata        000000
__LidataCOMRAM              idataCOMRAM  000000
__Lidloc                    idloc        200000
__Lifardata                 ifardata     000000
__Linit                     init         00200E
__Lintcode                  intcode      002008
__Lintcode_body             intcode_body 000000
__Lintcodelo                intcodelo    00200E
__Lintentry                 intentry     000000
__Lintret                   intret       000000
__Lintsave_regs             intsave_regs 000000
__Lirdata                   irdata       000000
__Lmediumconst              mediumconst  000000
__LnvCOMRAM                 nvCOMRAM     000000
__LnvFARRAM                 nvFARRAM     000000
__Lnvbit                    nvbit        000000
__Lnvrram                   nvrram       000000
__Lparam                    rparam       000000
__Lpowerup                  powerup      00200E
__Lram                      ram          000000
__Lramtop                   ramtop       000800
__Lrbit                     rbit         000000
__Lrbss                     rbss         000000
__Lrdata                    rdata        000000
__Lreset_vec                reset_vec    002000
__Lrparam                   rparam       000000
__Lsfr                      sfr          000000
__Lsmallconst               smallconst   002018
__Lspace_0                  (abs)        000000
__Lspace_1                  (abs)        000000
__Lspace_2                  (abs)        000000
__Lstack                    stack        000000
__Lstruct                   struct       000000
__Ltemp                     temp         000048
__Ltext                     text         000000
__Ltext0                    text0        000000
__Ltext1                    text1        000000
__Ltext10                   text10       000000
__Ltext11                   text11       000000
__Ltext12                   text12       000000
__Ltext13                   text13       000000
__Ltext14                   text14       000000
__Ltext15                   text15       000000
__Ltext16                   text16       000000
__Ltext17                   text17       000000
__Ltext18                   text18       000000
__Ltext19                   text19       000000
__Ltext2                    text2        000000
__Ltext20                   text20       000000
__Ltext21                   text21       000000
__Ltext22                   text22       000000
__Ltext23                   text23       000000
__Ltext24                   text24       000000
__Ltext25                   text25       000000
__Ltext26                   text26       000000
__Ltext28                   text28       000000
__Ltext29                   text29       000000
__Ltext3                    text3        000000
__Ltext30                   text30       000000
__Ltext31                   text31       000000
__Ltext4                    text4        000000
__Ltext5                    text5        000000
__Ltext6                    text6        000000
__Ltext7                    text7        000000
__Ltext8                    text8        000000
__Ltext9                    text9        000000
__S0                        (abs)        30000E
__S1                        (abs)        000049
__S2                        (abs)        000000
___awdiv                    text8        007AB6
___awdiv@counter            cstackCOMRAM 000025
___awdiv@dividend           cstackCOMRAM 000021
___awdiv@divisor            cstackCOMRAM 000023
___awdiv@quotient           cstackCOMRAM 000027
___awdiv@sign               cstackCOMRAM 000026
___awmod                    text7        007A46
___awmod@counter            cstackCOMRAM 00001F
___awmod@dividend           cstackCOMRAM 00001B
___awmod@divisor            cstackCOMRAM 00001D
___awmod@sign               cstackCOMRAM 000020
___inthi_sp                 stack        000000
___intlo_sp                 stack        000000
___lwdiv                    text13       007940
___lwdiv@counter            cstackCOMRAM 000021
___lwdiv@dividend           cstackCOMRAM 00001B
___lwdiv@divisor            cstackCOMRAM 00001D
___lwdiv@quotient           cstackCOMRAM 00001F
___param_bank               (abs)        000000
___rparam_used              (abs)        000001
___sp                       stack        000000
__accesstop                 (abs)        000060
__activetblptr              (abs)        000002
__end_of_Crear_Caracter     text21       0078BE
__end_of_LCD_init           text19       007BEE
__end_of_PWM_porcent        text11       0077E0
__end_of_PicIni21           text18       00780C
__end_of_TIMER0_INI         text17       007706
__end_of___awdiv            text8        007B3A
__end_of___awmod            text7        007AB6
__end_of___lwdiv            text13       007992
__end_of__initialization    cinit        007838
__end_of_antireboteEncoder  text29       007940
__end_of_aspiradora         text10       0076C6
__end_of_char2LCD           text23       007674
__end_of_clear_LCD          text9        007658
__end_of_encoderIni         text16       0076EC
__end_of_encoderInterrup    text31       007882
__end_of_funtEncoder        text14       007DA2
__end_of_funtLCD            text1        007EB4
__end_of_funtMENUSW         text15       007A46
__end_of_horaLCD            text4        007CBE
__end_of_luces              text3        0076D8
__end_of_main               text0        007768
__end_of_msg2LCD            text6        0079E8
__end_of_myISR              intcode_body 007726
__end_of_pwm_set            text12       00778E
__end_of_read_BUSY          text26       0077B6
__end_of_ret_HOME           text20       00764C
__end_of_set_CURSOR         text5        0076A2
__end_of_teclas             smallconst   002025
__end_of_tic_LCD            text30       007692
__end_of_tic_encoder        text28       0078FC
__end_of_var3LCD            text2        008000
__end_of_write_CMD          text22       007682
__end_of_write_DATA         text24       007666
__end_of_write_LCD          text25       007746
__initialization            cinit        00780C
__mediumconst               mediumconst  000000
__pbssCOMRAM                bssCOMRAM    000001
__pcinit                    cinit        00780C
__pcstackCOMRAM             cstackCOMRAM 00001B
__pdataCOMRAM               dataCOMRAM   000035
__pidataCOMRAM              idataCOMRAM  0076A3
__pintcode                  intcode      002008
__pintcode_body             intcode_body 007706
__pnvCOMRAM                 nvCOMRAM     000046
__psmallconst               smallconst   002018
__ptext0                    text0        007746
__ptext1                    text1        007DA2
__ptext10                   text10       0076B4
__ptext11                   text11       0077B6
__ptext12                   text12       007768
__ptext13                   text13       007940
__ptext14                   text14       007CBE
__ptext15                   text15       0079E8
__ptext16                   text16       0076D8
__ptext17                   text17       0076EC
__ptext18                   text18       0077E0
__ptext19                   text19       007B3A
__ptext2                    text2        007EB4
__ptext20                   text20       007640
__ptext21                   text21       007882
__ptext22                   text22       007674
__ptext23                   text23       007666
__ptext24                   text24       007658
__ptext25                   text25       007726
__ptext26                   text26       00778E
__ptext28                   text28       0078BE
__ptext29                   text29       0078FC
__ptext3                    text3        0076C6
__ptext30                   text30       007682
__ptext31                   text31       007846
__ptext4                    text4        007BEE
__ptext5                    text5        007692
__ptext6                    text6        007992
__ptext7                    text7        007A46
__ptext8                    text8        007AB6
__ptext9                    text9        00764C
__ramtop                    ramtop       000800
__size_of_Crear_Caracter    (abs)        000000
__size_of_LCD_init          (abs)        000000
__size_of_PWM_porcent       (abs)        000000
__size_of_PicIni21          (abs)        000000
__size_of_TIMER0_INI        (abs)        000000
__size_of___awdiv           (abs)        000000
__size_of___awmod           (abs)        000000
__size_of___lwdiv           (abs)        000000
__size_of_antireboteEncoder (abs)        000000
__size_of_aspiradora        (abs)        000000
__size_of_char2LCD          (abs)        000000
__size_of_clear_LCD         (abs)        000000
__size_of_encoderIni        (abs)        000000
__size_of_encoderInterrup   (abs)        000000
__size_of_funtEncoder       (abs)        000000
__size_of_funtLCD           (abs)        000000
__size_of_funtMENUSW        (abs)        000000
__size_of_horaLCD           (abs)        000000
__size_of_luces             (abs)        000000
__size_of_main              (abs)        000000
__size_of_msg2LCD           (abs)        000000
__size_of_myISR             (abs)        000000
__size_of_pwm_set           (abs)        000000
__size_of_read_BUSY         (abs)        000000
__size_of_ret_HOME          (abs)        000000
__size_of_set_CURSOR        (abs)        000000
__size_of_tic_LCD           (abs)        000000
__size_of_tic_encoder       (abs)        000000
__size_of_var3LCD           (abs)        000000
__size_of_write_CMD         (abs)        000000
__size_of_write_DATA        (abs)        000000
__size_of_write_LCD         (abs)        000000
__smallconst                smallconst   002018
_antireboteEncoder          text29       0078FC
_aspiradora                 text10       0076B4
_boolASP                    bssCOMRAM    000019
_boolLUCES                  bssCOMRAM    000018
_boolPWM                    bssCOMRAM    000017
_char2LCD                   text23       007666
_clear_LCD                  text9        00764C
_col                        dataCOMRAM   00003C
_delay_kb                   bssCOMRAM    00000A
_desplazar_tout             bssCOMRAM    000003
_encoderIni                 text16       0076D8
_encoderInterrup            text31       007846
_encoderTout                bssCOMRAM    00000C
_fila                       dataCOMRAM   00003D
_flag_kb                    bssCOMRAM    00000B
_frecuencia                 dataCOMRAM   000044
_funtEncoder                text14       007CBE
_funtLCD                    text1        007DA2
_funtMENUSW                 text15       0079E8
_horaLCD                    text4        007BEE
_luces                      text3        0076C6
_main                       text0        007746
_msg2LCD                    text6        007992
_myISR                      intcode      002008
_pwm_set                    text12       007768
_read_BUSY                  text26       00778E
_ret_HOME                   text20       007640
_set_CURSOR                 text5        007692
_teclas                     smallconst   002019
_tic_LCD                    text30       007682
_tic_encoder                text28       0078BE
_var3LCD                    text2        007EB4
_var3LCD$2425               cstackCOMRAM 000033
_var3LCD$2426               cstackCOMRAM 00002C
_varEncoderSW               bssCOMRAM    000015
_varPWM                     bssCOMRAM    000007
_write_CMD                  text22       007674
_write_DATA                 text24       007658
_write_LCD                  text25       007726
antireboteEncoder@cont      bssCOMRAM    000001
aspiradora@est_asp          cstackCOMRAM 00001B
btemp                       temp         000048
char2LCD@dato               cstackCOMRAM 00001D
debounce@cnt0               bssCOMRAM    000010
debounce@cnt1               bssCOMRAM    00000F
debounce@state              bssCOMRAM    000011
end_of_initialization       cinit        007838
horaLCD@cursor              cstackCOMRAM 00002B
horaLCD@dato                cstackCOMRAM 000029
horaLCD@mensaje             cstackCOMRAM 00002C
horaLCD@minutos             cstackCOMRAM 000031
horaLCD@segundos            cstackCOMRAM 000032
int$flags                   temp         000048
int_func                    intcode_body 007706
intlevel0                   text         000000
intlevel1                   text         000000
intlevel2                   text         000000
intlevel3                   text         000000
luces@est_luces             cstackCOMRAM 00001B
msg2LCD@datos               cstackCOMRAM 00001D
pwm_set@duty                cstackCOMRAM 00001B
pwm_set@periodo             cstackCOMRAM 00001C
read_BUSY@aux               cstackCOMRAM 00001B
set_CURSOR@posi             cstackCOMRAM 00001D
stackhi                     (abs)        0007FF
stacklo                     (abs)        000060
start                       init         00200E
start_initialization        cinit        00780C
tecla@status_KB             bssCOMRAM    000009
tic_debounce@debounce_tic   dataCOMRAM   00003F
ttemp5                      temp         000049
ttemp6                      temp         00004C
ttemp7                      temp         000050
var3LCD@cifras              cstackCOMRAM 00002E
var3LCD@cursor              cstackCOMRAM 00002B
var3LCD@datos               cstackCOMRAM 000029
write_CMD@dato              cstackCOMRAM 00001C
write_DATA@dato             cstackCOMRAM 00001C
write_LCD@dato              cstackCOMRAM 00001B
wtemp8                      temp         000049


FUNCTION INFORMATION:

 *************** function _main *****************
 Defined at:
		line 19 in file "main.c"
 Parameters:    Size  Location     Type
		None
 Auto vars:     Size  Location     Type
		None
 Return value:  Size  Location     Type
                  1    wreg      void 
 Registers used:
		wreg, fsr0l, fsr0h, fsr1l, fsr1h, fsr2l, fsr2h, status,2, status,0, tblptrl, tblptrh, tblptru, prodl, prodh, cstack
 Tracked objects:
		On entry : 
		On exit  : 
		Unchanged: 
 Data sizes:     COMRAM   BANK0   BANK1   BANK2   BANK3   BANK4   BANK5   BANK6   BANK7
      Params:         0       0       0       0       0       0       0       0       0
      Locals:         0       0       0       0       0       0       0       0       0
      Temps:          0       0       0       0       0       0       0       0       0
      Totals:         0       0       0       0       0       0       0       0       0
Total ram usage:        0 bytes
 Hardware stack levels required when called:    8
 This function calls:
		_LCD_init
		_PicIni21
		_TIMER0_INI
		_clear_LCD
		_encoderIni
		_funtEncoder
		_funtLCD
 This function is called by:
		Startup code after reset
 This function uses a non-reentrant model


 *************** function _funtLCD *****************
 Defined at:
		line 80 in file "lcd.c"
 Parameters:    Size  Location     Type
		None
 Auto vars:     Size  Location     Type
		None
 Return value:  Size  Location     Type
                  1    wreg      void 
 Registers used:
		wreg, fsr0l, fsr0h, status,2, status,0, tblptrl, tblptrh, tblptru, prodl, prodh, cstack
 Tracked objects:
		On entry : 
		On exit  : 
		Unchanged: 
 Data sizes:     COMRAM   BANK0   BANK1   BANK2   BANK3   BANK4   BANK5   BANK6   BANK7
      Params:         0       0       0       0       0       0       0       0       0
      Locals:         0       0       0       0       0       0       0       0       0
      Temps:          0       0       0       0       0       0       0       0       0
      Totals:         0       0       0       0       0       0       0       0       0
Total ram usage:        0 bytes
 Hardware stack levels used:    1
 Hardware stack levels required when called:    7
 This function calls:
		_PWM_porcent
		_aspiradora
		_char2LCD
		_clear_LCD
		_horaLCD
		_luces
		_msg2LCD
		_set_CURSOR
		_var3LCD
 This function is called by:
		_main
 This function uses a non-reentrant model


 *************** function _var3LCD *****************
 Defined at:
		line 29 in file "lcd.c"
 Parameters:    Size  Location     Type
  datos           2   14[COMRAM] int 
  cursor          1   16[COMRAM] unsigned char 
 Auto vars:     Size  Location     Type
  cifras          5   19[COMRAM] unsigned char [5]
 Return value:  Size  Location     Type
                  1    wreg      void 
 Registers used:
		wreg, status,2, status,0, cstack
 Tracked objects:
		On entry : 
		On exit  : 
		Unchanged: 
 Data sizes:     COMRAM   BANK0   BANK1   BANK2   BANK3   BANK4   BANK5   BANK6   BANK7
      Params:         3       0       0       0       0       0       0       0       0
      Locals:         9       0       0       0       0       0       0       0       0
      Temps:          0       0       0       0       0       0       0       0       0
      Totals:        12       0       0       0       0       0       0       0       0
Total ram usage:       12 bytes
 Hardware stack levels used:    1
 Hardware stack levels required when called:    6
 This function calls:
		___awdiv
		___awmod
		_char2LCD
		_set_CURSOR
 This function is called by:
		_funtLCD
 This function uses a non-reentrant model


 *************** function _luces *****************
 Defined at:
		line 111 in file "Tecnica1.c"
 Parameters:    Size  Location     Type
  est_luces       1    wreg     unsigned char 
 Auto vars:     Size  Location     Type
  est_luces       1    0[COMRAM] unsigned char 
 Return value:  Size  Location     Type
                  1    wreg      void 
 Registers used:
		wreg, status,2
 Tracked objects:
		On entry : 
		On exit  : 
		Unchanged: 
 Data sizes:     COMRAM   BANK0   BANK1   BANK2   BANK3   BANK4   BANK5   BANK6   BANK7
      Params:         0       0       0       0       0       0       0       0       0
      Locals:         1       0       0       0       0       0       0       0       0
      Temps:          0       0       0       0       0       0       0       0       0
      Totals:         1       0       0       0       0       0       0       0       0
Total ram usage:        1 bytes
 Hardware stack levels used:    1
 Hardware stack levels required when called:    3
 This function calls:
		Nothing
 This function is called by:
		_funtLCD
 This function uses a non-reentrant model


 *************** function _horaLCD *****************
 Defined at:
		line 53 in file "lcd.c"
 Parameters:    Size  Location     Type
  dato            2   14[COMRAM] int 
  cursor          1   16[COMRAM] unsigned char 
 Auto vars:     Size  Location     Type
  mensaje         5   17[COMRAM] unsigned char [5]
  segundos        1   23[COMRAM] unsigned char 
  minutos         1   22[COMRAM] unsigned char 
 Return value:  Size  Location     Type
                  1    wreg      void 
 Registers used:
		wreg, fsr0l, fsr0h, status,2, status,0, tblptrl, tblptrh, tblptru, cstack
 Tracked objects:
		On entry : 
		On exit  : 
		Unchanged: 
 Data sizes:     COMRAM   BANK0   BANK1   BANK2   BANK3   BANK4   BANK5   BANK6   BANK7
      Params:         3       0       0       0       0       0       0       0       0
      Locals:         7       0       0       0       0       0       0       0       0
      Temps:          0       0       0       0       0       0       0       0       0
      Totals:        10       0       0       0       0       0       0       0       0
Total ram usage:       10 bytes
 Hardware stack levels used:    1
 Hardware stack levels required when called:    6
 This function calls:
		___awdiv
		___awmod
		_msg2LCD
		_set_CURSOR
 This function is called by:
		_funtLCD
 This function uses a non-reentrant model


 *************** function _set_CURSOR *****************
 Defined at:
		line 166 in file "lcd.c"
 Parameters:    Size  Location     Type
  posi            1    wreg     unsigned char 
 Auto vars:     Size  Location     Type
  posi            1    2[COMRAM] unsigned char 
 Return value:  Size  Location     Type
                  1    wreg      void 
 Registers used:
		wreg, status,2, status,0, cstack
 Tracked objects:
		On entry : 
		On exit  : 
		Unchanged: 
 Data sizes:     COMRAM   BANK0   BANK1   BANK2   BANK3   BANK4   BANK5   BANK6   BANK7
      Params:         0       0       0       0       0       0       0       0       0
      Locals:         1       0       0       0       0       0       0       0       0
      Temps:          0       0       0       0       0       0       0       0       0
      Totals:         1       0       0       0       0       0       0       0       0
Total ram usage:        1 bytes
 Hardware stack levels used:    1
 Hardware stack levels required when called:    5
 This function calls:
		_read_BUSY
		_write_CMD
 This function is called by:
		_var3LCD
		_horaLCD
		_funtLCD
 This function uses a non-reentrant model


 *************** function _msg2LCD *****************
 Defined at:
		line 134 in file "lcd.c"
 Parameters:    Size  Location     Type
  datos           2    2[COMRAM] PTR const unsigned char 
		 -> STR_8(4), STR_7(3), STR_6(6), STR_5(4), 
		 -> STR_4(3), STR_3(11), STR_2(4), STR_1(14), 
		 -> horaLCD@mensaje(5), 
 Auto vars:     Size  Location     Type
		None
 Return value:  Size  Location     Type
                  1    wreg      void 
 Registers used:
		wreg, fsr0l, fsr0h, status,2, status,0, tblptrl, tblptrh, tblptru, cstack
 Tracked objects:
		On entry : 
		On exit  : 
		Unchanged: 
 Data sizes:     COMRAM   BANK0   BANK1   BANK2   BANK3   BANK4   BANK5   BANK6   BANK7
      Params:         2       0       0       0       0       0       0       0       0
      Locals:         0       0       0       0       0       0       0       0       0
      Temps:          0       0       0       0       0       0       0       0       0
      Totals:         2       0       0       0       0       0       0       0       0
Total ram usage:        2 bytes
 Hardware stack levels used:    1
 Hardware stack levels required when called:    5
 This function calls:
		_read_BUSY
		_write_DATA
 This function is called by:
		_horaLCD
		_funtLCD
 This function uses a non-reentrant model


 *************** function ___awmod *****************
 Defined at:
		line 7 in file "C:\Program Files (x86)\Microchip\xc8\v2.00\pic\sources\c90\common\awmod.c"
 Parameters:    Size  Location     Type
  dividend        2    0[COMRAM] int 
  divisor         2    2[COMRAM] int 
 Auto vars:     Size  Location     Type
  sign            1    5[COMRAM] unsigned char 
  counter         1    4[COMRAM] unsigned char 
 Return value:  Size  Location     Type
                  2    0[COMRAM] int 
 Registers used:
		wreg, status,2, status,0
 Tracked objects:
		On entry : 
		On exit  : 
		Unchanged: 
 Data sizes:     COMRAM   BANK0   BANK1   BANK2   BANK3   BANK4   BANK5   BANK6   BANK7
      Params:         4       0       0       0       0       0       0       0       0
      Locals:         2       0       0       0       0       0       0       0       0
      Temps:          0       0       0       0       0       0       0       0       0
      Totals:         6       0       0       0       0       0       0       0       0
Total ram usage:        6 bytes
 Hardware stack levels used:    1
 Hardware stack levels required when called:    3
 This function calls:
		Nothing
 This function is called by:
		_var3LCD
		_horaLCD
 This function uses a non-reentrant model


 *************** function ___awdiv *****************
 Defined at:
		line 7 in file "C:\Program Files (x86)\Microchip\xc8\v2.00\pic\sources\c90\common\awdiv.c"
 Parameters:    Size  Location     Type
  dividend        2    6[COMRAM] int 
  divisor         2    8[COMRAM] int 
 Auto vars:     Size  Location     Type
  quotient        2   12[COMRAM] int 
  sign            1   11[COMRAM] unsigned char 
  counter         1   10[COMRAM] unsigned char 
 Return value:  Size  Location     Type
                  2    6[COMRAM] int 
 Registers used:
		wreg, status,2, status,0
 Tracked objects:
		On entry : 
		On exit  : 
		Unchanged: 
 Data sizes:     COMRAM   BANK0   BANK1   BANK2   BANK3   BANK4   BANK5   BANK6   BANK7
      Params:         4       0       0       0       0       0       0       0       0
      Locals:         4       0       0       0       0       0       0       0       0
      Temps:          0       0       0       0       0       0       0       0       0
      Totals:         8       0       0       0       0       0       0       0       0
Total ram usage:        8 bytes
 Hardware stack levels used:    1
 Hardware stack levels required when called:    3
 This function calls:
		Nothing
 This function is called by:
		_var3LCD
		_horaLCD
 This function uses a non-reentrant model


 *************** function _clear_LCD *****************
 Defined at:
		line 152 in file "lcd.c"
 Parameters:    Size  Location     Type
		None
 Auto vars:     Size  Location     Type
		None
 Return value:  Size  Location     Type
                  1    wreg      void 
 Registers used:
		wreg, status,2, status,0, cstack
 Tracked objects:
		On entry : 
		On exit  : 
		Unchanged: 
 Data sizes:     COMRAM   BANK0   BANK1   BANK2   BANK3   BANK4   BANK5   BANK6   BANK7
      Params:         0       0       0       0       0       0       0       0       0
      Locals:         0       0       0       0       0       0       0       0       0
      Temps:          0       0       0       0       0       0       0       0       0
      Totals:         0       0       0       0       0       0       0       0       0
Total ram usage:        0 bytes
 Hardware stack levels used:    1
 Hardware stack levels required when called:    5
 This function calls:
		_read_BUSY
		_write_CMD
 This function is called by:
		_main
		_funtLCD
 This function uses a non-reentrant model


 *************** function _aspiradora *****************
 Defined at:
		line 106 in file "Tecnica1.c"
 Parameters:    Size  Location     Type
  est_asp         1    wreg     unsigned char 
 Auto vars:     Size  Location     Type
  est_asp         1    0[COMRAM] unsigned char 
 Return value:  Size  Location     Type
                  1    wreg      void 
 Registers used:
		wreg, status,2
 Tracked objects:
		On entry : 
		On exit  : 
		Unchanged: 
 Data sizes:     COMRAM   BANK0   BANK1   BANK2   BANK3   BANK4   BANK5   BANK6   BANK7
      Params:         0       0       0       0       0       0       0       0       0
      Locals:         1       0       0       0       0       0       0       0       0
      Temps:          0       0       0       0       0       0       0       0       0
      Totals:         1       0       0       0       0       0       0       0       0
Total ram usage:        1 bytes
 Hardware stack levels used:    1
 Hardware stack levels required when called:    3
 This function calls:
		Nothing
 This function is called by:
		_funtLCD
 This function uses a non-reentrant model


 *************** function _PWM_porcent *****************
 Defined at:
		line 99 in file "Tecnica1.c"
 Parameters:    Size  Location     Type
  porcentaje      1    wreg     unsigned char 
 Auto vars:     Size  Location     Type
  porcentaje      1    7[COMRAM] unsigned char 
  data            1    8[COMRAM] unsigned char 
 Return value:  Size  Location     Type
                  1    wreg      void 
 Registers used:
		wreg, status,2, status,0, prodl, prodh, cstack
 Tracked objects:
		On entry : 
		On exit  : 
		Unchanged: 
 Data sizes:     COMRAM   BANK0   BANK1   BANK2   BANK3   BANK4   BANK5   BANK6   BANK7
      Params:         0       0       0       0       0       0       0       0       0
      Locals:         2       0       0       0       0       0       0       0       0
      Temps:          0       0       0       0       0       0       0       0       0
      Totals:         2       0       0       0       0       0       0       0       0
Total ram usage:        2 bytes
 Hardware stack levels used:    1
 Hardware stack levels required when called:    4
 This function calls:
		___lwdiv
		_pwm_set
 This function is called by:
		_funtLCD
 This function uses a non-reentrant model


 *************** function _pwm_set *****************
 Defined at:
		line 90 in file "Tecnica1.c"
 Parameters:    Size  Location     Type
  periodo         1    wreg     unsigned char 
  duty            1    0[COMRAM] unsigned char 
 Auto vars:     Size  Location     Type
  periodo         1    1[COMRAM] unsigned char 
 Return value:  Size  Location     Type
                  1    wreg      void 
 Registers used:
		wreg, status,2, status,0
 Tracked objects:
		On entry : 
		On exit  : 
		Unchanged: 
 Data sizes:     COMRAM   BANK0   BANK1   BANK2   BANK3   BANK4   BANK5   BANK6   BANK7
      Params:         1       0       0       0       0       0       0       0       0
      Locals:         1       0       0       0       0       0       0       0       0
      Temps:          0       0       0       0       0       0       0       0       0
      Totals:         2       0       0       0       0       0       0       0       0
Total ram usage:        2 bytes
 Hardware stack levels used:    1
 Hardware stack levels required when called:    3
 This function calls:
		Nothing
 This function is called by:
		_PWM_porcent
 This function uses a non-reentrant model


 *************** function ___lwdiv *****************
 Defined at:
		line 7 in file "C:\Program Files (x86)\Microchip\xc8\v2.00\pic\sources\c90\common\lwdiv.c"
 Parameters:    Size  Location     Type
  dividend        2    0[COMRAM] unsigned int 
  divisor         2    2[COMRAM] unsigned int 
 Auto vars:     Size  Location     Type
  quotient        2    4[COMRAM] unsigned int 
  counter         1    6[COMRAM] unsigned char 
 Return value:  Size  Location     Type
                  2    0[COMRAM] unsigned int 
 Registers used:
		wreg, status,2, status,0
 Tracked objects:
		On entry : 
		On exit  : 
		Unchanged: 
 Data sizes:     COMRAM   BANK0   BANK1   BANK2   BANK3   BANK4   BANK5   BANK6   BANK7
      Params:         4       0       0       0       0       0       0       0       0
      Locals:         3       0       0       0       0       0       0       0       0
      Temps:          0       0       0       0       0       0       0       0       0
      Totals:         7       0       0       0       0       0       0       0       0
Total ram usage:        7 bytes
 Hardware stack levels used:    1
 Hardware stack levels required when called:    3
 This function calls:
		Nothing
 This function is called by:
		_PWM_porcent
 This function uses a non-reentrant model


 *************** function _funtEncoder *****************
 Defined at:
		line 120 in file "EncoderIncremental.c"
 Parameters:    Size  Location     Type
		None
 Auto vars:     Size  Location     Type
		None
 Return value:  Size  Location     Type
                  1    wreg      void 
 Registers used:
		wreg, status,2, status,0, cstack
 Tracked objects:
		On entry : 
		On exit  : 
		Unchanged: 
 Data sizes:     COMRAM   BANK0   BANK1   BANK2   BANK3   BANK4   BANK5   BANK6   BANK7
      Params:         0       0       0       0       0       0       0       0       0
      Locals:         0       0       0       0       0       0       0       0       0
      Temps:          0       0       0       0       0       0       0       0       0
      Totals:         0       0       0       0       0       0       0       0       0
Total ram usage:        0 bytes
 Hardware stack levels used:    1
 Hardware stack levels required when called:    4
 This function calls:
		_funtMENUSW
 This function is called by:
		_main
 This function uses a non-reentrant model


 *************** function _funtMENUSW *****************
 Defined at:
		line 189 in file "EncoderIncremental.c"
 Parameters:    Size  Location     Type
		None
 Auto vars:     Size  Location     Type
		None
 Return value:  Size  Location     Type
                  1    wreg      void 
 Registers used:
		wreg, status,2, status,0
 Tracked objects:
		On entry : 
		On exit  : 
		Unchanged: 
 Data sizes:     COMRAM   BANK0   BANK1   BANK2   BANK3   BANK4   BANK5   BANK6   BANK7
      Params:         0       0       0       0       0       0       0       0       0
      Locals:         0       0       0       0       0       0       0       0       0
      Temps:          0       0       0       0       0       0       0       0       0
      Totals:         0       0       0       0       0       0       0       0       0
Total ram usage:        0 bytes
 Hardware stack levels used:    1
 Hardware stack levels required when called:    3
 This function calls:
		Nothing
 This function is called by:
		_funtEncoder
 This function uses a non-reentrant model


 *************** function _encoderIni *****************
 Defined at:
		line 27 in file "EncoderIncremental.c"
 Parameters:    Size  Location     Type
		None
 Auto vars:     Size  Location     Type
		None
 Return value:  Size  Location     Type
                  1    wreg      void 
 Registers used:
		None
 Tracked objects:
		On entry : 
		On exit  : 
		Unchanged: 
 Data sizes:     COMRAM   BANK0   BANK1   BANK2   BANK3   BANK4   BANK5   BANK6   BANK7
      Params:         0       0       0       0       0       0       0       0       0
      Locals:         0       0       0       0       0       0       0       0       0
      Temps:          0       0       0       0       0       0       0       0       0
      Totals:         0       0       0       0       0       0       0       0       0
Total ram usage:        0 bytes
 Hardware stack levels used:    1
 Hardware stack levels required when called:    3
 This function calls:
		Nothing
 This function is called by:
		_main
 This function uses a non-reentrant model


 *************** function _TIMER0_INI *****************
 Defined at:
		line 13 in file "Tecnica1.c"
 Parameters:    Size  Location     Type
		None
 Auto vars:     Size  Location     Type
		None
 Return value:  Size  Location     Type
                  1    wreg      void 
 Registers used:
		wreg, status,2
 Tracked objects:
		On entry : 
		On exit  : 
		Unchanged: 
 Data sizes:     COMRAM   BANK0   BANK1   BANK2   BANK3   BANK4   BANK5   BANK6   BANK7
      Params:         0       0       0       0       0       0       0       0       0
      Locals:         0       0       0       0       0       0       0       0       0
      Temps:          0       0       0       0       0       0       0       0       0
      Totals:         0       0       0       0       0       0       0       0       0
Total ram usage:        0 bytes
 Hardware stack levels used:    1
 Hardware stack levels required when called:    3
 This function calls:
		Nothing
 This function is called by:
		_main
 This function uses a non-reentrant model


 *************** function _PicIni21 *****************
 Defined at:
		line 3 in file "ConfShield2_1.c"
 Parameters:    Size  Location     Type
		None
 Auto vars:     Size  Location     Type
		None
 Return value:  Size  Location     Type
                  1    wreg      void 
 Registers used:
		wreg, status,2
 Tracked objects:
		On entry : 
		On exit  : 
		Unchanged: 
 Data sizes:     COMRAM   BANK0   BANK1   BANK2   BANK3   BANK4   BANK5   BANK6   BANK7
      Params:         0       0       0       0       0       0       0       0       0
      Locals:         0       0       0       0       0       0       0       0       0
      Temps:          0       0       0       0       0       0       0       0       0
      Totals:         0       0       0       0       0       0       0       0       0
Total ram usage:        0 bytes
 Hardware stack levels used:    1
 Hardware stack levels required when called:    3
 This function calls:
		Nothing
 This function is called by:
		_main
 This function uses a non-reentrant model


 *************** function _LCD_init *****************
 Defined at:
		line 179 in file "lcd.c"
 Parameters:    Size  Location     Type
		None
 Auto vars:     Size  Location     Type
  varFlecha       7    8[COMRAM] unsigned char [7]
 Return value:  Size  Location     Type
                  1    wreg      void 
 Registers used:
		wreg, fsr1l, fsr1h, fsr2l, fsr2h, status,2, status,0, cstack
 Tracked objects:
		On entry : 
		On exit  : 
		Unchanged: 
 Data sizes:     COMRAM   BANK0   BANK1   BANK2   BANK3   BANK4   BANK5   BANK6   BANK7
      Params:         0       0       0       0       0       0       0       0       0
      Locals:         7       0       0       0       0       0       0       0       0
      Temps:          0       0       0       0       0       0       0       0       0
      Totals:         7       0       0       0       0       0       0       0       0
Total ram usage:        7 bytes
 Hardware stack levels used:    1
 Hardware stack levels required when called:    7
 This function calls:
		_Crear_Caracter
		_read_BUSY
		_ret_HOME
		_write_CMD
 This function is called by:
		_main
 This function uses a non-reentrant model


 *************** function _ret_HOME *****************
 Defined at:
		line 159 in file "lcd.c"
 Parameters:    Size  Location     Type
		None
 Auto vars:     Size  Location     Type
		None
 Return value:  Size  Location     Type
                  1    wreg      void 
 Registers used:
		wreg, status,2, status,0, cstack
 Tracked objects:
		On entry : 
		On exit  : 
		Unchanged: 
 Data sizes:     COMRAM   BANK0   BANK1   BANK2   BANK3   BANK4   BANK5   BANK6   BANK7
      Params:         0       0       0       0       0       0       0       0       0
      Locals:         0       0       0       0       0       0       0       0       0
      Temps:          0       0       0       0       0       0       0       0       0
      Totals:         0       0       0       0       0       0       0       0       0
Total ram usage:        0 bytes
 Hardware stack levels used:    1
 Hardware stack levels required when called:    5
 This function calls:
		_read_BUSY
		_write_CMD
 This function is called by:
		_LCD_init
 This function uses a non-reentrant model


 *************** function _Crear_Caracter *****************
 Defined at:
		line 71 in file "lcd.c"
 Parameters:    Size  Location     Type
  linea           2    3[COMRAM] PTR unsigned char 
		 -> LCD_init@varFlecha(7), 
  direccion       1    5[COMRAM] unsigned char 
 Auto vars:     Size  Location     Type
  i               2    6[COMRAM] int 
 Return value:  Size  Location     Type
                  1    wreg      void 
 Registers used:
		wreg, fsr2l, fsr2h, status,2, status,0, cstack
 Tracked objects:
		On entry : 
		On exit  : 
		Unchanged: 
 Data sizes:     COMRAM   BANK0   BANK1   BANK2   BANK3   BANK4   BANK5   BANK6   BANK7
      Params:         3       0       0       0       0       0       0       0       0
      Locals:         2       0       0       0       0       0       0       0       0
      Temps:          0       0       0       0       0       0       0       0       0
      Totals:         5       0       0       0       0       0       0       0       0
Total ram usage:        5 bytes
 Hardware stack levels used:    1
 Hardware stack levels required when called:    6
 This function calls:
		_char2LCD
		_read_BUSY
		_write_CMD
 This function is called by:
		_LCD_init
 This function uses a non-reentrant model


 *************** function _write_CMD *****************
 Defined at:
		line 238 in file "lcd.c"
 Parameters:    Size  Location     Type
  dato            1    wreg     unsigned char 
 Auto vars:     Size  Location     Type
  dato            1    1[COMRAM] unsigned char 
 Return value:  Size  Location     Type
                  1    wreg      void 
 Registers used:
		wreg, status,2, status,0, cstack
 Tracked objects:
		On entry : 
		On exit  : 
		Unchanged: 
 Data sizes:     COMRAM   BANK0   BANK1   BANK2   BANK3   BANK4   BANK5   BANK6   BANK7
      Params:         0       0       0       0       0       0       0       0       0
      Locals:         1       0       0       0       0       0       0       0       0
      Temps:          0       0       0       0       0       0       0       0       0
      Totals:         1       0       0       0       0       0       0       0       0
Total ram usage:        1 bytes
 Hardware stack levels used:    1
 Hardware stack levels required when called:    4
 This function calls:
		_write_LCD
 This function is called by:
		_Crear_Caracter
		_clear_LCD
		_ret_HOME
		_set_CURSOR
		_LCD_init
		_DesplazarIzquierda
 This function uses a non-reentrant model


 *************** function _char2LCD *****************
 Defined at:
		line 145 in file "lcd.c"
 Parameters:    Size  Location     Type
  dato            1    wreg     unsigned char 
 Auto vars:     Size  Location     Type
  dato            1    2[COMRAM] unsigned char 
 Return value:  Size  Location     Type
                  1    wreg      void 
 Registers used:
		wreg, status,2, status,0, cstack
 Tracked objects:
		On entry : 
		On exit  : 
		Unchanged: 
 Data sizes:     COMRAM   BANK0   BANK1   BANK2   BANK3   BANK4   BANK5   BANK6   BANK7
      Params:         0       0       0       0       0       0       0       0       0
      Locals:         1       0       0       0       0       0       0       0       0
      Temps:          0       0       0       0       0       0       0       0       0
      Totals:         1       0       0       0       0       0       0       0       0
Total ram usage:        1 bytes
 Hardware stack levels used:    1
 Hardware stack levels required when called:    5
 This function calls:
		_read_BUSY
		_write_DATA
 This function is called by:
		_var3LCD
		_Crear_Caracter
		_funtLCD
 This function uses a non-reentrant model


 *************** function _write_DATA *****************
 Defined at:
		line 228 in file "lcd.c"
 Parameters:    Size  Location     Type
  dato            1    wreg     unsigned char 
 Auto vars:     Size  Location     Type
  dato            1    1[COMRAM] unsigned char 
 Return value:  Size  Location     Type
                  1    wreg      void 
 Registers used:
		wreg, status,2, status,0, cstack
 Tracked objects:
		On entry : 
		On exit  : 
		Unchanged: 
 Data sizes:     COMRAM   BANK0   BANK1   BANK2   BANK3   BANK4   BANK5   BANK6   BANK7
      Params:         0       0       0       0       0       0       0       0       0
      Locals:         1       0       0       0       0       0       0       0       0
      Temps:          0       0       0       0       0       0       0       0       0
      Totals:         1       0       0       0       0       0       0       0       0
Total ram usage:        1 bytes
 Hardware stack levels used:    1
 Hardware stack levels required when called:    4
 This function calls:
		_write_LCD
 This function is called by:
		_msg2LCD
		_char2LCD
 This function uses a non-reentrant model


 *************** function _write_LCD *****************
 Defined at:
		line 248 in file "lcd.c"
 Parameters:    Size  Location     Type
  dato            1    wreg     unsigned char 
 Auto vars:     Size  Location     Type
  dato            1    0[COMRAM] unsigned char 
 Return value:  Size  Location     Type
                  1    wreg      void 
 Registers used:
		wreg, status,2, status,0
 Tracked objects:
		On entry : 
		On exit  : 
		Unchanged: 
 Data sizes:     COMRAM   BANK0   BANK1   BANK2   BANK3   BANK4   BANK5   BANK6   BANK7
      Params:         0       0       0       0       0       0       0       0       0
      Locals:         1       0       0       0       0       0       0       0       0
      Temps:          0       0       0       0       0       0       0       0       0
      Totals:         1       0       0       0       0       0       0       0       0
Total ram usage:        1 bytes
 Hardware stack levels used:    1
 Hardware stack levels required when called:    3
 This function calls:
		Nothing
 This function is called by:
		_write_DATA
		_write_CMD
 This function uses a non-reentrant model


 *************** function _read_BUSY *****************
 Defined at:
		line 270 in file "lcd.c"
 Parameters:    Size  Location     Type
		None
 Auto vars:     Size  Location     Type
  aux             1    0[COMRAM] unsigned char 
 Return value:  Size  Location     Type
                  1    wreg      void 
 Registers used:
		wreg, status,2, status,0
 Tracked objects:
		On entry : 
		On exit  : 
		Unchanged: 
 Data sizes:     COMRAM   BANK0   BANK1   BANK2   BANK3   BANK4   BANK5   BANK6   BANK7
      Params:         0       0       0       0       0       0       0       0       0
      Locals:         1       0       0       0       0       0       0       0       0
      Temps:          0       0       0       0       0       0       0       0       0
      Totals:         1       0       0       0       0       0       0       0       0
Total ram usage:        1 bytes
 Hardware stack levels used:    1
 Hardware stack levels required when called:    3
 This function calls:
		Nothing
 This function is called by:
		_Crear_Caracter
		_msg2LCD
		_char2LCD
		_clear_LCD
		_ret_HOME
		_set_CURSOR
		_LCD_init
		_DesplazarIzquierda
 This function uses a non-reentrant model


 *************** function _myISR *****************
 Defined at:
		line 44 in file "main.c"
 Parameters:    Size  Location     Type
		None
 Auto vars:     Size  Location     Type
		None
 Return value:  Size  Location     Type
                  1    wreg      void 
 Registers used:
		wreg, status,2, status,0, cstack
 Tracked objects:
		On entry : 
		On exit  : 
		Unchanged: 
 Data sizes:     COMRAM   BANK0   BANK1   BANK2   BANK3   BANK4   BANK5   BANK6   BANK7
      Params:         0       0       0       0       0       0       0       0       0
      Locals:         0       0       0       0       0       0       0       0       0
      Temps:          0       0       0       0       0       0       0       0       0
      Totals:         0       0       0       0       0       0       0       0       0
Total ram usage:        0 bytes
 Hardware stack levels used:    1
 Hardware stack levels required when called:    2
 This function calls:
		_encoderInterrup
		_tic_LCD
		_tic_encoder
 This function is called by:
		Interrupt level 2
 This function uses a non-reentrant model


 *************** function _tic_encoder *****************
 Defined at:
		line 81 in file "EncoderIncremental.c"
 Parameters:    Size  Location     Type
		None
 Auto vars:     Size  Location     Type
		None
 Return value:  Size  Location     Type
                  1    wreg      void 
 Registers used:
		wreg, status,2, status,0, cstack
 Tracked objects:
		On entry : 
		On exit  : 
		Unchanged: 
 Data sizes:     COMRAM   BANK0   BANK1   BANK2   BANK3   BANK4   BANK5   BANK6   BANK7
      Params:         0       0       0       0       0       0       0       0       0
      Locals:         0       0       0       0       0       0       0       0       0
      Temps:          0       0       0       0       0       0       0       0       0
      Totals:         0       0       0       0       0       0       0       0       0
Total ram usage:        0 bytes
 Hardware stack levels used:    1
 Hardware stack levels required when called:    1
 This function calls:
		_antireboteEncoder
 This function is called by:
		_myISR
 This function uses a non-reentrant model


 *************** function _antireboteEncoder *****************
 Defined at:
		line 99 in file "EncoderIncremental.c"
 Parameters:    Size  Location     Type
		None
 Auto vars:     Size  Location     Type
		None
 Return value:  Size  Location     Type
                  1    wreg      void 
 Registers used:
		wreg, status,2, status,0
 Tracked objects:
		On entry : 
		On exit  : 
		Unchanged: 
 Data sizes:     COMRAM   BANK0   BANK1   BANK2   BANK3   BANK4   BANK5   BANK6   BANK7
      Params:         0       0       0       0       0       0       0       0       0
      Locals:         0       0       0       0       0       0       0       0       0
      Temps:          0       0       0       0       0       0       0       0       0
      Totals:         0       0       0       0       0       0       0       0       0
Total ram usage:        0 bytes
 Hardware stack levels used:    1
 This function calls:
		Nothing
 This function is called by:
		_tic_encoder
 This function uses a non-reentrant model


 *************** function _tic_LCD *****************
 Defined at:
		line 290 in file "lcd.c"
 Parameters:    Size  Location     Type
		None
 Auto vars:     Size  Location     Type
		None
 Return value:  Size  Location     Type
                  1    wreg      void 
 Registers used:
		wreg, status,2, status,0
 Tracked objects:
		On entry : 
		On exit  : 
		Unchanged: 
 Data sizes:     COMRAM   BANK0   BANK1   BANK2   BANK3   BANK4   BANK5   BANK6   BANK7
      Params:         0       0       0       0       0       0       0       0       0
      Locals:         0       0       0       0       0       0       0       0       0
      Temps:          0       0       0       0       0       0       0       0       0
      Totals:         0       0       0       0       0       0       0       0       0
Total ram usage:        0 bytes
 Hardware stack levels used:    1
 This function calls:
		Nothing
 This function is called by:
		_myISR
 This function uses a non-reentrant model


 *************** function _encoderInterrup *****************
 Defined at:
		line 44 in file "EncoderIncremental.c"
 Parameters:    Size  Location     Type
		None
 Auto vars:     Size  Location     Type
		None
 Return value:  Size  Location     Type
                  1    wreg      void 
 Registers used:
		wreg, status,2
 Tracked objects:
		On entry : 
		On exit  : 
		Unchanged: 
 Data sizes:     COMRAM   BANK0   BANK1   BANK2   BANK3   BANK4   BANK5   BANK6   BANK7
      Params:         0       0       0       0       0       0       0       0       0
      Locals:         0       0       0       0       0       0       0       0       0
      Temps:          0       0       0       0       0       0       0       0       0
      Totals:         0       0       0       0       0       0       0       0       0
Total ram usage:        0 bytes
 Hardware stack levels used:    1
 This function calls:
		Nothing
 This function is called by:
		_myISR
 This function uses a non-reentrant model



MODULE INFORMATION

Module		Function		Class		Link	Load	Size
C:\Program Files (x86)\Microchip\xc8\v2.00\pic\sources\c90\common\awmod.c
		___awmod       		CODE           	7A46	0000	113

C:\Program Files (x86)\Microchip\xc8\v2.00\pic\sources\c90\common\awmod.c estimated size: 113

C:\Program Files (x86)\Microchip\xc8\v2.00\pic\sources\c90\common\lwdiv.c
		___lwdiv       		CODE           	7940	0000	83

C:\Program Files (x86)\Microchip\xc8\v2.00\pic\sources\c90\common\lwdiv.c estimated size: 83

C:\Program Files (x86)\Microchip\xc8\v2.00\pic\sources\c90\common\awdiv.c
		___awdiv       		CODE           	7AB6	0000	133

C:\Program Files (x86)\Microchip\xc8\v2.00\pic\sources\c90\common\awdiv.c estimated size: 133

ConfShield2_1.c
		_PicIni21      		CODE           	77E0	0000	45

ConfShield2_1.c estimated size: 45

shared
		_teclas        		SMALLCONST     	2019	0000	13
		__initialization		CODE           	780C	0000	45

shared estimated size: 58

Tecnica1.c
		_pwm_set       		CODE           	7768	0000	39
		_PWM_porcent   		CODE           	77B6	0000	43
		_aspiradora    		CODE           	76B4	0000	19
		_luces         		CODE           	76C6	0000	19
		_TIMER0_INI    		CODE           	76EC	0000	27

Tecnica1.c estimated size: 147

lcd.c
		_write_DATA    		CODE           	7658	0000	15
		_ret_HOME      		CODE           	7640	0000	13
		_char2LCD      		CODE           	7666	0000	15
		_funtLCD       		CODE           	7DA2	0000	275
		_msg2LCD       		CODE           	7992	0000	87
		_write_CMD     		CODE           	7674	0000	15
		_LCD_init      		CODE           	7B3A	0000	181
		_Crear_Caracter		CODE           	7882	0000	61
		_var3LCD       		CODE           	7EB4	0000	333
		_write_LCD     		CODE           	7726	0000	33
		_clear_LCD     		CODE           	764C	0000	13
		_horaLCD       		CODE           	7BEE	0000	209
		_read_BUSY     		CODE           	778E	0000	41
		_set_CURSOR    		CODE           	7692	0000	17
		_tic_LCD       		CODE           	7682	0000	17

lcd.c estimated size: 1325

EncoderIncremental.c
		_funtMENUSW    		CODE           	79E8	0000	95
		_funtEncoder   		CODE           	7CBE	0000	229
		_encoderInterrup		CODE           	7846	0000	61
		_tic_encoder   		CODE           	78BE	0000	63
		_antireboteEncoder		CODE           	78FC	0000	69
		_encoderIni    		CODE           	76D8	0000	21

EncoderIncremental.c estimated size: 538

main.c
		_myISR         		CODE           	2008	0000	39
		_main          		CODE           	7746	0000	35

main.c estimated size: 74

